=== Mechanical run log ===
=== INICIO ECE R66 - L + CARTELA ===
BATCH_MODE = True
pipeline_dir = C:/Users/MASTER/Documents/2026_TFG_PTV
sim_id = 074
image_dir = C:/Users/MASTER/Documents/2026_TFG_PTV\Resultados\Sobol_512_L1000_Cvar_S235JR\Sim_074
param_b_mm = 72.3438
c_mm = 115.7031
longitud_viga_mm = 1000.0
angulo_desplazamiento_deg = 30.0
dir_x_sign = -1.0  (-X estandar)
desplazamiento_x_mm = -500.0
Material desde Engineering Data:
  Yield Strength [Pa] = 235500000
  Tangent Modulus [Pa] = 1160000000
[OK] PASO 1: Limpiado (resultados, cargas, malla, coordenadas)
[OK] PASO 2: Contactos eliminados (0 -> 0). Dependiendo 100% de Shared Topology.
[OK] PASO 3: Material Structural Steel asignado a 5 cuerpos
[OK] PASO 5: APDL SOLU (convergencia)
Resolucion global: 4
Dim. caracteristica malla: char_dim=79.38 mm  (b=72.34 mm)
Tamano malla gruesa: char_dim/4 = 19.84 mm
Tamano malla fina (SOI): char_dim/14=5.67 mm -> clamp -> 5.67 mm  radio=300.0 mm
[OK] Named Selections detectadas:
  - B_Inferior
  - A_Tope
  - A_Tope_Arista
[OK] PASO 6: Malla completada. Nodos: 91998, Elementos: 32628
[OK] PASO 7: Fixed Support en B_Inferior
[OK] PASO 8: Displacement -500.0 mm X (A_Tope_Arista), Y y Z libres
[OK] PASO 9: Resultados + Sondas de curvas
Iniciando Solve...
[OK] PASO 10: Solve completado
[OK] Imagen Tensiones guardada en: C:/Users/MASTER/Documents/2026_TFG_PTV\Resultados\Sobol_512_L1000_Cvar_S235JR\Sim_074\Tensiones.png
[OK] Vista Iso_Gris guardada en: C:/Users/MASTER/Documents/2026_TFG_PTV\Resultados\Sobol_512_L1000_Cvar_S235JR\Sim_074\Vista_Iso_Gris.png
[OK] Vista Frontal_Gris guardada en: C:/Users/MASTER/Documents/2026_TFG_PTV\Resultados\Sobol_512_L1000_Cvar_S235JR\Sim_074\Vista_Frontal_Gris.png
[OK] Vista Lateral_Gris guardada en: C:/Users/MASTER/Documents/2026_TFG_PTV\Resultados\Sobol_512_L1000_Cvar_S235JR\Sim_074\Vista_Lateral_Gris.png
[OK] Vista Zoom_Cartela guardada en: C:/Users/MASTER/Documents/2026_TFG_PTV\Resultados\Sobol_512_L1000_Cvar_S235JR\Sim_074\Zoom_Cartela.png
[CURVAS] numPoints fuerza: 51, desplazamiento: 51
[OK] PASO 10C: Curvas exportadas a CSV: C:/Users/MASTER/Documents/2026_TFG_PTV\Resultados\Sobol_512_L1000_Cvar_S235JR\Sim_074\Curvas.csv (51 puntos)
[PLOTDATA] Columna nodo: Node
[PLOTDATA] Columna valor: Values
[PLOTDATA] n_nodes=93006, n_values=93006
[OK] Y max stress desde PlotData (filtro Y>=5.0mm). Node=12005, Y[mm]=225.4902
  Cuerpo [sin nombre]: masa=5.934895 kg
  Cuerpo [sin nombre]: masa=7.487471 kg
  Cuerpo [sin nombre]: masa=0.197863 kg
  Cuerpo [sin nombre]: masa=0.197863 kg
  Cuerpo [sin nombre]: masa=0.349917 kg
[MASA] Total: 5 cuerpos, masa = 14.168 kg

=== RESULTADOS ===
  Energia: 2632.79480623 J
  Fuerza:  6744.74367046 N
  Tension: 1171457124.02 Pa
  Masa:    14.1680088867 kg
  Y Max Stress [mm]: 225.490196078
  Valido:  True
CSV escrito: C:/Users/MASTER/Documents/2026_TFG_PTV\parametrossalida.csv
Limpiando archivos temporales del solver para liberar espacio...
[OK] Limpieza de disco completada.
=== FIN ECE R66 - L + CARTELA ===
