=== Mechanical run log ===
=== INICIO ECE R66 - L + CARTELA ===
BATCH_MODE = True
pipeline_dir = C:/Users/master/Documents/TFG_PTV/Primera prueba
sim_id = 029
image_dir = C:/Users/master/Documents/TFG_PTV/Primera prueba\Resultados\DOE_60_L1000_C80_S235JR\Sim_029
param_b_mm = 60.5615
c_mm = 80.0
longitud_viga_mm = 1000.0
angulo_desplazamiento_deg = 30.0
desplazamiento_x_mm = -500.0
Material desde Engineering Data:
  Yield Strength [Pa] = 235500000
  Tangent Modulus [Pa] = 1160000000
[OK] PASO 1: Limpiado (resultados, cargas, malla, coordenadas)
[OK] PASO 2: Contactos eliminados (0 -> 0). Dependiendo 100% de Shared Topology.
[OK] PASO 3: Material Structural Steel asignado a 5 cuerpos
[OK] PASO 4: Analysis Settings (1 step, 50 init, 20 min, 250 max substeps)
[OK] PASO 5: APDL SOLU (convergencia)
Tamano malla global (lejos): 15.140375 mm
Tamano malla fina (esquina): 3.78509375 mm
[OK] Named Selections detectadas:
  - B_Inferior
  - A_Tope
  - A_Tope_Arista
[OK] PASO 6: Malla completada. Nodos: 182177, Elementos: 67053
[OK] PASO 7: Fixed Support en B_Inferior
[OK] PASO 8: Displacement -500.0 mm X (A_Tope_Arista), Y y Z libres
[OK] PASO 9: Resultados + Sondas de curvas
Iniciando Solve...
[OK] PASO 10: Solve completado
[OK] Imagen Tensiones guardada en: C:/Users/master/Documents/TFG_PTV/Primera prueba\Resultados\DOE_60_L1000_C80_S235JR\Sim_029\Tensiones.png
[OK] Vista Iso_Gris guardada en: C:/Users/master/Documents/TFG_PTV/Primera prueba\Resultados\DOE_60_L1000_C80_S235JR\Sim_029\Vista_Iso_Gris.png
[OK] Vista Frontal_Gris guardada en: C:/Users/master/Documents/TFG_PTV/Primera prueba\Resultados\DOE_60_L1000_C80_S235JR\Sim_029\Vista_Frontal_Gris.png
[OK] Vista Lateral_Gris guardada en: C:/Users/master/Documents/TFG_PTV/Primera prueba\Resultados\DOE_60_L1000_C80_S235JR\Sim_029\Vista_Lateral_Gris.png
[OK] Vista Zoom_Cartela guardada en: C:/Users/master/Documents/TFG_PTV/Primera prueba\Resultados\DOE_60_L1000_C80_S235JR\Sim_029\Zoom_Cartela.png
[CURVAS] numPoints fuerza: 56, desplazamiento: 56
[OK] PASO 10C: Curvas exportadas a CSV: C:/Users/master/Documents/TFG_PTV/Primera prueba\Resultados\DOE_60_L1000_C80_S235JR\Sim_029\Curvas.csv (56 puntos)
[PLOTDATA] Columna nodo: Node
[PLOTDATA] Columna valor: Values
[PLOTDATA] n_nodes=183312, n_values=183312
[OK] Y max stress desde PlotData. Node=1142, Y[mm]=147.6277
  Cuerpo 'SYS': masa=10.038928 kg
[PESO] Total: 6 cuerpos, peso = 196.9638 N

=== RESULTADOS ===
  Energia: 1771.20239115 J
  Fuerza:  5871.31397368 N
  Tension: 942156497.408 Pa
  Peso:    196.963767584 N
  Y Max Stress [mm]: 147.6277
  Valido:  True
CSV escrito: C:/Users/master/Documents/TFG_PTV/Primera prueba\parametrossalida.csv
Limpiando archivos temporales del solver para liberar espacio...
[OK] Limpieza de disco completada.
=== FIN ECE R66 - L + CARTELA ===
