=== Mechanical run log ===
=== INICIO ECE R66 - L + CARTELA ===
BATCH_MODE = True
pipeline_dir = C:/Users/MASTER/Documents/2026_TFG_PTV
sim_id = 341
image_dir = C:/Users/MASTER/Documents/2026_TFG_PTV\Resultados\Sobol_512_L1000_C80_S235JR\Sim_341
param_b_mm = 98.7109
c_mm = 80.0
longitud_viga_mm = 1000.0
angulo_desplazamiento_deg = 30.0
dir_x_sign = -1.0  (-X estandar)
desplazamiento_x_mm = -500.0
Material desde Engineering Data:
  Yield Strength [Pa] = 235500000
  Tangent Modulus [Pa] = 1160000000
[OK] PASO 1: Limpiado (resultados, cargas, malla, coordenadas)
[OK] PASO 2: Contactos eliminados (0 -> 0). Dependiendo 100% de Shared Topology.
[OK] PASO 3: Material Structural Steel asignado a 5 cuerpos
[OK] PASO 5: APDL SOLU (convergencia)
Resolucion global: 4
Dim. caracteristica malla: char_dim=90.21 mm  (b=98.71 mm)
Tamano malla gruesa: char_dim/4 = 22.55 mm
Tamano malla fina (SOI): char_dim/14=6.44 mm -> clamp -> 6.44 mm  radio=300.0 mm
[OK] Named Selections detectadas:
  - B_Inferior
  - A_Tope
  - A_Tope_Arista
[OK] PASO 6: Malla completada. Nodos: 79389, Elementos: 28527
[OK] PASO 7: Fixed Support en B_Inferior
[OK] PASO 8: Displacement -500.0 mm X (A_Tope_Arista), Y y Z libres
[OK] PASO 9: Resultados + Sondas de curvas
Iniciando Solve...
[OK] PASO 10: Solve completado
[OK] Imagen Tensiones guardada en: C:/Users/MASTER/Documents/2026_TFG_PTV\Resultados\Sobol_512_L1000_C80_S235JR\Sim_341\Tensiones.png
[OK] Vista Iso_Gris guardada en: C:/Users/MASTER/Documents/2026_TFG_PTV\Resultados\Sobol_512_L1000_C80_S235JR\Sim_341\Vista_Iso_Gris.png
[OK] Vista Frontal_Gris guardada en: C:/Users/MASTER/Documents/2026_TFG_PTV\Resultados\Sobol_512_L1000_C80_S235JR\Sim_341\Vista_Frontal_Gris.png
[OK] Vista Lateral_Gris guardada en: C:/Users/MASTER/Documents/2026_TFG_PTV\Resultados\Sobol_512_L1000_C80_S235JR\Sim_341\Vista_Lateral_Gris.png
[OK] Vista Zoom_Cartela guardada en: C:/Users/MASTER/Documents/2026_TFG_PTV\Resultados\Sobol_512_L1000_C80_S235JR\Sim_341\Zoom_Cartela.png
[CURVAS] numPoints fuerza: 48, desplazamiento: 48
[OK] PASO 10C: Curvas exportadas a CSV: C:/Users/MASTER/Documents/2026_TFG_PTV\Resultados\Sobol_512_L1000_C80_S235JR\Sim_341\Curvas.csv (48 puntos)
[PLOTDATA] Columna nodo: Node
[PLOTDATA] Columna valor: Values
[PLOTDATA] n_nodes=80123, n_values=80123
[OK] Y max stress desde PlotData (filtro Y>=5.0mm). Node=10042, Y[mm]=194.4444
  Cuerpo [sin nombre]: masa=8.507712 kg
  Cuerpo [sin nombre]: masa=8.177177 kg
  Cuerpo [sin nombre]: masa=0.07428 kg
  Cuerpo [sin nombre]: masa=0.07428 kg
  Cuerpo [sin nombre]: masa=0.259233 kg
[MASA] Total: 5 cuerpos, masa = 17.0927 kg

=== RESULTADOS ===
  Energia: 3669.35134932 J
  Fuerza:  8860.84142709 N
  Tension: 1181280744.80 Pa
  Masa:    17.0926820723 kg
  Y Max Stress [mm]: 194.444444444
  Valido:  True
CSV escrito: C:/Users/MASTER/Documents/2026_TFG_PTV\parametrossalida.csv
Limpiando archivos temporales del solver para liberar espacio...
[OK] Limpieza de disco completada.
=== FIN ECE R66 - L + CARTELA ===
