=== Mechanical run log ===
=== INICIO ECE R66 - L + CARTELA ===
BATCH_MODE = True
pipeline_dir = C:/Users/MASTER/Documents/2026_TFG_PTV
sim_id = 250
image_dir = C:/Users/MASTER/Documents/2026_TFG_PTV\Resultados\Sobol_512_L1000_C80_S235JR\Sim_250
param_b_mm = 81.9531
c_mm = 80.0
longitud_viga_mm = 1000.0
angulo_desplazamiento_deg = 30.0
dir_x_sign = -1.0  (-X estandar)
desplazamiento_x_mm = -500.0
Material desde Engineering Data:
  Yield Strength [Pa] = 235500000
  Tangent Modulus [Pa] = 1160000000
[OK] PASO 1: Limpiado (resultados, cargas, malla, coordenadas)
[OK] PASO 2: Contactos eliminados (0 -> 0). Dependiendo 100% de Shared Topology.
[OK] PASO 3: Material Structural Steel asignado a 5 cuerpos
[OK] PASO 5: APDL SOLU (convergencia)
Resolucion global: 4
Dim. caracteristica malla: char_dim=77.27 mm  (b=81.95 mm)
Tamano malla gruesa: char_dim/4 = 19.32 mm
Tamano malla fina (SOI): char_dim/14=5.52 mm -> clamp -> 5.52 mm  radio=300.0 mm
[OK] Named Selections detectadas:
  - B_Inferior
  - A_Tope
  - A_Tope_Arista
[OK] PASO 6: Malla completada. Nodos: 104965, Elementos: 51056
[OK] PASO 7: Fixed Support en B_Inferior
[OK] PASO 8: Displacement -500.0 mm X (A_Tope_Arista), Y y Z libres
[OK] PASO 9: Resultados + Sondas de curvas
Iniciando Solve...
[OK] PASO 10: Solve completado
[OK] Imagen Tensiones guardada en: C:/Users/MASTER/Documents/2026_TFG_PTV\Resultados\Sobol_512_L1000_C80_S235JR\Sim_250\Tensiones.png
[OK] Vista Iso_Gris guardada en: C:/Users/MASTER/Documents/2026_TFG_PTV\Resultados\Sobol_512_L1000_C80_S235JR\Sim_250\Vista_Iso_Gris.png
[OK] Vista Frontal_Gris guardada en: C:/Users/MASTER/Documents/2026_TFG_PTV\Resultados\Sobol_512_L1000_C80_S235JR\Sim_250\Vista_Frontal_Gris.png
[OK] Vista Lateral_Gris guardada en: C:/Users/MASTER/Documents/2026_TFG_PTV\Resultados\Sobol_512_L1000_C80_S235JR\Sim_250\Vista_Lateral_Gris.png
[OK] Vista Zoom_Cartela guardada en: C:/Users/MASTER/Documents/2026_TFG_PTV\Resultados\Sobol_512_L1000_C80_S235JR\Sim_250\Zoom_Cartela.png
[CURVAS] numPoints fuerza: 44, desplazamiento: 44
[OK] PASO 10C: Curvas exportadas a CSV: C:/Users/MASTER/Documents/2026_TFG_PTV\Resultados\Sobol_512_L1000_C80_S235JR\Sim_250\Curvas.csv (44 puntos)
[PLOTDATA] Columna nodo: Node
[PLOTDATA] Columna valor: Values
[PLOTDATA] n_nodes=105879, n_values=105879
[OK] Y max stress desde PlotData (filtro Y>=5.0mm). Node=3109, Y[mm]=197.1154
  Cuerpo [sin nombre]: masa=5.347259 kg
  Cuerpo [sin nombre]: masa=8.923031 kg
  Cuerpo [sin nombre]: masa=0.056324 kg
  Cuerpo [sin nombre]: masa=0.056324 kg
  Cuerpo [sin nombre]: masa=0.163198 kg
[MASA] Total: 5 cuerpos, masa = 14.5461 kg

=== RESULTADOS ===
  Energia: 1650.43287638 J
  Fuerza:  3848.46037503 N
  Tension: 1022457668.67 Pa
  Masa:    14.5461363790 kg
  Y Max Stress [mm]: 197.115384615
  Valido:  True
CSV escrito: C:/Users/MASTER/Documents/2026_TFG_PTV\parametrossalida.csv
Limpiando archivos temporales del solver para liberar espacio...
[OK] Limpieza de disco completada.
=== FIN ECE R66 - L + CARTELA ===
