=== Mechanical run log ===
=== INICIO ECE R66 - L + CARTELA ===
BATCH_MODE = True
pipeline_dir = C:/Users/MASTER/Documents/2026_TFG_PTV
sim_id = 203
image_dir = C:/Users/MASTER/Documents/2026_TFG_PTV\Resultados\Sobol_512_L1000_Cvar_S235JR\Sim_203
param_b_mm = 71.6406
c_mm = 108.8672
longitud_viga_mm = 1000.0
angulo_desplazamiento_deg = 30.0
dir_x_sign = -1.0  (-X estandar)
desplazamiento_x_mm = -500.0
Material desde Engineering Data:
  Yield Strength [Pa] = 235500000
  Tangent Modulus [Pa] = 1160000000
[OK] PASO 1: Limpiado (resultados, cargas, malla, coordenadas)
[OK] PASO 2: Contactos eliminados (0 -> 0). Dependiendo 100% de Shared Topology.
[OK] PASO 3: Material Structural Steel asignado a 5 cuerpos
[OK] PASO 5: APDL SOLU (convergencia)
Resolucion global: 4
Dim. caracteristica malla: char_dim=82.42 mm  (b=71.64 mm)
Tamano malla gruesa: char_dim/4 = 20.61 mm
Tamano malla fina (SOI): char_dim/14=5.89 mm -> clamp -> 5.89 mm  radio=300.0 mm
[OK] Named Selections detectadas:
  - B_Inferior
  - A_Tope
  - A_Tope_Arista
[OK] PASO 6: Malla completada. Nodos: 105988, Elementos: 51112
[OK] PASO 7: Fixed Support en B_Inferior
[OK] PASO 8: Displacement -500.0 mm X (A_Tope_Arista), Y y Z libres
[OK] PASO 9: Resultados + Sondas de curvas
Iniciando Solve...
[OK] PASO 10: Solve completado
[OK] Imagen Tensiones guardada en: C:/Users/MASTER/Documents/2026_TFG_PTV\Resultados\Sobol_512_L1000_Cvar_S235JR\Sim_203\Tensiones.png
[OK] Vista Iso_Gris guardada en: C:/Users/MASTER/Documents/2026_TFG_PTV\Resultados\Sobol_512_L1000_Cvar_S235JR\Sim_203\Vista_Iso_Gris.png
[OK] Vista Frontal_Gris guardada en: C:/Users/MASTER/Documents/2026_TFG_PTV\Resultados\Sobol_512_L1000_Cvar_S235JR\Sim_203\Vista_Frontal_Gris.png
[OK] Vista Lateral_Gris guardada en: C:/Users/MASTER/Documents/2026_TFG_PTV\Resultados\Sobol_512_L1000_Cvar_S235JR\Sim_203\Vista_Lateral_Gris.png
[OK] Vista Zoom_Cartela guardada en: C:/Users/MASTER/Documents/2026_TFG_PTV\Resultados\Sobol_512_L1000_Cvar_S235JR\Sim_203\Zoom_Cartela.png
[CURVAS] numPoints fuerza: 55, desplazamiento: 55
[OK] PASO 10C: Curvas exportadas a CSV: C:/Users/MASTER/Documents/2026_TFG_PTV\Resultados\Sobol_512_L1000_Cvar_S235JR\Sim_203\Curvas.csv (55 puntos)
[PLOTDATA] Columna nodo: Node
[PLOTDATA] Columna valor: Values
[PLOTDATA] n_nodes=106926, n_values=106926
[OK] Y max stress desde PlotData (filtro Y>=5.0mm). Node=3267, Y[mm]=250.0
  Cuerpo [sin nombre]: masa=9.05112 kg
  Cuerpo [sin nombre]: masa=8.518522 kg
  Cuerpo [sin nombre]: masa=0.11448 kg
  Cuerpo [sin nombre]: masa=0.11448 kg
  Cuerpo [sin nombre]: masa=0.213076 kg
[MASA] Total: 5 cuerpos, masa = 18.0117 kg

=== RESULTADOS ===
  Energia: 5986.46271488 J
  Fuerza:  13018.7407243 N
  Tension: 1206571619.62 Pa
  Masa:    18.0116772648 kg
  Y Max Stress [mm]: 250.0
  Valido:  True
CSV escrito: C:/Users/MASTER/Documents/2026_TFG_PTV\parametrossalida.csv
Limpiando archivos temporales del solver para liberar espacio...
[OK] Limpieza de disco completada.
=== FIN ECE R66 - L + CARTELA ===
