=== Mechanical run log ===
=== INICIO ECE R66 - L + CARTELA ===
BATCH_MODE = True
pipeline_dir = C:/Users/MASTER/Documents/2026_TFG_PTV
sim_id = 001
image_dir = C:/Users/MASTER/Documents/2026_TFG_PTV\Resultados\Sobol_512_L1000_Cvar_S235JR\Sim_001
param_b_mm = 70.0
c_mm = 95.0
longitud_viga_mm = 1000.0
angulo_desplazamiento_deg = 30.0
dir_x_sign = -1.0  (-X estandar)
desplazamiento_x_mm = -500.0
Material desde Engineering Data:
  Yield Strength [Pa] = 235500000
  Tangent Modulus [Pa] = 1160000000
[OK] PASO 1: Limpiado (resultados, cargas, malla, coordenadas)
[OK] PASO 2: Contactos eliminados (0 -> 0). Dependiendo 100% de Shared Topology.
[OK] PASO 3: Material Structural Steel asignado a 5 cuerpos
[OK] PASO 5: APDL SOLU (convergencia)
Resolucion global: 4
Dim. caracteristica malla: char_dim=70.0 mm  (b=70.0 mm)
Tamano malla gruesa: char_dim/4 = 17.5 mm
Tamano malla fina (SOI): char_dim/14=5.0 mm -> clamp -> 5.0 mm  radio=300.0 mm
[OK] Named Selections detectadas:
  - B_Inferior
  - A_Tope
  - A_Tope_Arista
[OK] PASO 6: Malla completada. Nodos: 99709, Elementos: 35996
[OK] PASO 7: Fixed Support en B_Inferior
[OK] PASO 8: Displacement -500.0 mm X (A_Tope_Arista), Y y Z libres
[OK] PASO 9: Resultados + Sondas de curvas
Iniciando Solve...
[OK] PASO 10: Solve completado
[OK] Imagen Tensiones guardada en: C:/Users/MASTER/Documents/2026_TFG_PTV\Resultados\Sobol_512_L1000_Cvar_S235JR\Sim_001\Tensiones.png
[OK] Vista Iso_Gris guardada en: C:/Users/MASTER/Documents/2026_TFG_PTV\Resultados\Sobol_512_L1000_Cvar_S235JR\Sim_001\Vista_Iso_Gris.png
[OK] Vista Frontal_Gris guardada en: C:/Users/MASTER/Documents/2026_TFG_PTV\Resultados\Sobol_512_L1000_Cvar_S235JR\Sim_001\Vista_Frontal_Gris.png
[OK] Vista Lateral_Gris guardada en: C:/Users/MASTER/Documents/2026_TFG_PTV\Resultados\Sobol_512_L1000_Cvar_S235JR\Sim_001\Vista_Lateral_Gris.png
[OK] Vista Zoom_Cartela guardada en: C:/Users/MASTER/Documents/2026_TFG_PTV\Resultados\Sobol_512_L1000_Cvar_S235JR\Sim_001\Zoom_Cartela.png
[CURVAS] numPoints fuerza: 45, desplazamiento: 45
[OK] PASO 10C: Curvas exportadas a CSV: C:/Users/MASTER/Documents/2026_TFG_PTV\Resultados\Sobol_512_L1000_Cvar_S235JR\Sim_001\Curvas.csv (45 puntos)
[PLOTDATA] Columna nodo: Node
[PLOTDATA] Columna valor: Values
[PLOTDATA] n_nodes=100641, n_values=100641
[OK] Y max stress desde PlotData (filtro Y>=5.0mm). Node=12378, Y[mm]=181.0345
  Cuerpo [sin nombre]: masa=6.3114 kg
  Cuerpo [sin nombre]: masa=6.3114 kg
  Cuerpo [sin nombre]: masa=0.106269 kg
  Cuerpo [sin nombre]: masa=0.106269 kg
  Cuerpo [sin nombre]: masa=0.221476 kg
[MASA] Total: 5 cuerpos, masa = 13.0568 kg

=== RESULTADOS ===
  Energia: 2822.56953167 J
  Fuerza:  6380.61103776 N
  Tension: 1125301759.72 Pa
  Masa:    13.0568152005 kg
  Y Max Stress [mm]: 181.034482759
  Valido:  True
CSV escrito: C:/Users/MASTER/Documents/2026_TFG_PTV\parametrossalida.csv
Limpiando archivos temporales del solver para liberar espacio...
[OK] Limpieza de disco completada.
=== FIN ECE R66 - L + CARTELA ===
