=== Mechanical run log ===
=== INICIO ECE R66 - L + CARTELA ===
BATCH_MODE = True
pipeline_dir = C:/Users/MASTER/Documents/2026_TFG_PTV
sim_id = 126
image_dir = C:/Users/MASTER/Documents/2026_TFG_PTV\Resultados\Sobol_128_L1000_C80_S275JR\Sim_126
param_b_mm = 77.0312
c_mm = 80.0
longitud_viga_mm = 1000.0
angulo_desplazamiento_deg = 30.0
dir_x_sign = -1.0  (-X estandar)
desplazamiento_x_mm = -500.0
Material desde Engineering Data:
  Yield Strength [Pa] = 275000000
  Tangent Modulus [Pa] = 1120000000
[OK] PASO 1: Limpiado (resultados, cargas, malla, coordenadas)
[OK] PASO 2: Contactos eliminados (0 -> 0). Dependiendo 100% de Shared Topology.
[OK] PASO 3: Material Structural Steel asignado a 5 cuerpos
[OK] PASO 5: APDL SOLU (convergencia)
Resolucion global: 4
Dim. caracteristica malla: char_dim=73.75 mm  (b=77.03 mm)
Tamano malla gruesa: char_dim/4 = 18.44 mm
Tamano malla fina (SOI): char_dim/14=5.27 mm -> clamp -> 5.27 mm  radio=300.0 mm
[OK] Named Selections detectadas:
  - B_Inferior
  - A_Tope
  - A_Tope_Arista
[OK] PASO 6: Malla completada. Nodos: 111563, Elementos: 54085
[OK] PASO 7: Fixed Support en B_Inferior
[OK] PASO 8: Displacement -500.0 mm X (A_Tope_Arista), Y y Z libres
[OK] PASO 9: Resultados + Sondas de curvas
Iniciando Solve...
[OK] PASO 10: Solve completado
[OK] Imagen Tensiones guardada en: C:/Users/MASTER/Documents/2026_TFG_PTV\Resultados\Sobol_128_L1000_C80_S275JR\Sim_126\Tensiones.png
[OK] Vista Iso_Gris guardada en: C:/Users/MASTER/Documents/2026_TFG_PTV\Resultados\Sobol_128_L1000_C80_S275JR\Sim_126\Vista_Iso_Gris.png
[OK] Vista Frontal_Gris guardada en: C:/Users/MASTER/Documents/2026_TFG_PTV\Resultados\Sobol_128_L1000_C80_S275JR\Sim_126\Vista_Frontal_Gris.png
[OK] Vista Lateral_Gris guardada en: C:/Users/MASTER/Documents/2026_TFG_PTV\Resultados\Sobol_128_L1000_C80_S275JR\Sim_126\Vista_Lateral_Gris.png
[OK] Vista Zoom_Cartela guardada en: C:/Users/MASTER/Documents/2026_TFG_PTV\Resultados\Sobol_128_L1000_C80_S275JR\Sim_126\Zoom_Cartela.png
[CURVAS] numPoints fuerza: 48, desplazamiento: 48
[OK] PASO 10C: Curvas exportadas a CSV: C:/Users/MASTER/Documents/2026_TFG_PTV\Resultados\Sobol_128_L1000_C80_S275JR\Sim_126\Curvas.csv (48 puntos)
[PLOTDATA] Columna nodo: Node
[PLOTDATA] Columna valor: Values
[PLOTDATA] n_nodes=112477, n_values=112477
[OK] Y max stress desde PlotData (filtro Y>=5.0mm). Node=3297, Y[mm]=168.1818
  Cuerpo [sin nombre]: masa=6.587524 kg
  Cuerpo [sin nombre]: masa=4.707343 kg
  Cuerpo [sin nombre]: masa=0.070258 kg
  Cuerpo [sin nombre]: masa=0.070258 kg
  Cuerpo [sin nombre]: masa=0.191345 kg
[MASA] Total: 5 cuerpos, masa = 11.6267 kg

=== RESULTADOS ===
  Energia: 3029.13167034 J
  Fuerza:  7270.07850139 N
  Tension: 1235198037.00 Pa
  Masa:    11.6267290864 kg
  Y Max Stress [mm]: 168.181818182
  Valido:  True
CSV escrito: C:/Users/MASTER/Documents/2026_TFG_PTV\parametrossalida.csv
Limpiando archivos temporales del solver para liberar espacio...
[OK] Limpieza de disco completada.
=== FIN ECE R66 - L + CARTELA ===
