=== Mechanical run log ===
=== INICIO ECE R66 - L + CARTELA ===
BATCH_MODE = True
pipeline_dir = C:/Users/MASTER/Documents/2026_TFG_PTV
sim_id = 077
image_dir = C:/Users/MASTER/Documents/2026_TFG_PTV\Resultados\Sobol_128_L1000_C80_S275JR\Sim_077
param_b_mm = 94.8438
c_mm = 80.0
longitud_viga_mm = 1000.0
angulo_desplazamiento_deg = 30.0
dir_x_sign = -1.0  (-X estandar)
desplazamiento_x_mm = -500.0
Material desde Engineering Data:
  Yield Strength [Pa] = 275000000
  Tangent Modulus [Pa] = 1120000000
[OK] PASO 1: Limpiado (resultados, cargas, malla, coordenadas)
[OK] PASO 2: Contactos eliminados (0 -> 0). Dependiendo 100% de Shared Topology.
[OK] PASO 3: Material Structural Steel asignado a 5 cuerpos
[OK] PASO 5: APDL SOLU (convergencia)
Resolucion global: 4
Dim. caracteristica malla: char_dim=79.38 mm  (b=94.84 mm)
Tamano malla gruesa: char_dim/4 = 19.84 mm
Tamano malla fina (SOI): char_dim/14=5.67 mm -> clamp -> 5.67 mm  radio=300.0 mm
[OK] Named Selections detectadas:
  - B_Inferior
  - A_Tope
  - A_Tope_Arista
[OK] PASO 6: Malla completada. Nodos: 106056, Elementos: 51669
[OK] PASO 7: Fixed Support en B_Inferior
[OK] PASO 8: Displacement -500.0 mm X (A_Tope_Arista), Y y Z libres
[OK] PASO 9: Resultados + Sondas de curvas
Iniciando Solve...
[OK] PASO 10: Solve completado
[OK] Imagen Tensiones guardada en: C:/Users/MASTER/Documents/2026_TFG_PTV\Resultados\Sobol_128_L1000_C80_S275JR\Sim_077\Tensiones.png
[OK] Vista Iso_Gris guardada en: C:/Users/MASTER/Documents/2026_TFG_PTV\Resultados\Sobol_128_L1000_C80_S275JR\Sim_077\Vista_Iso_Gris.png
[OK] Vista Frontal_Gris guardada en: C:/Users/MASTER/Documents/2026_TFG_PTV\Resultados\Sobol_128_L1000_C80_S275JR\Sim_077\Vista_Frontal_Gris.png
[OK] Vista Lateral_Gris guardada en: C:/Users/MASTER/Documents/2026_TFG_PTV\Resultados\Sobol_128_L1000_C80_S275JR\Sim_077\Vista_Lateral_Gris.png
[OK] Vista Zoom_Cartela guardada en: C:/Users/MASTER/Documents/2026_TFG_PTV\Resultados\Sobol_128_L1000_C80_S275JR\Sim_077\Zoom_Cartela.png
[CURVAS] numPoints fuerza: 43, desplazamiento: 43
[OK] PASO 10C: Curvas exportadas a CSV: C:/Users/MASTER/Documents/2026_TFG_PTV\Resultados\Sobol_128_L1000_C80_S275JR\Sim_077\Curvas.csv (43 puntos)
[PLOTDATA] Columna nodo: Node
[PLOTDATA] Columna valor: Values
[PLOTDATA] n_nodes=106882, n_values=106882
[OK] Y max stress desde PlotData (filtro Y>=5.0mm). Node=2958, Y[mm]=142.1569
  Cuerpo [sin nombre]: masa=8.339199 kg
  Cuerpo [sin nombre]: masa=6.23858 kg
  Cuerpo [sin nombre]: masa=0.075752 kg
  Cuerpo [sin nombre]: masa=0.075752 kg
  Cuerpo [sin nombre]: masa=0.254014 kg
[MASA] Total: 5 cuerpos, masa = 14.9833 kg

=== RESULTADOS ===
  Energia: 4144.81220636 J
  Fuerza:  9184.32374034 N
  Tension: 1078683191.54 Pa
  Masa:    14.9832964898 kg
  Y Max Stress [mm]: 142.156862745
  Valido:  True
CSV escrito: C:/Users/MASTER/Documents/2026_TFG_PTV\parametrossalida.csv
Limpiando archivos temporales del solver para liberar espacio...
[OK] Limpieza de disco completada.
=== FIN ECE R66 - L + CARTELA ===
