=== Mechanical run log ===
=== INICIO ECE R66 - L + CARTELA ===
BATCH_MODE = True
pipeline_dir = C:/Users/MASTER/Documents/2026_TFG_PTV
sim_id = 048
image_dir = C:/Users/MASTER/Documents/2026_TFG_PTV\Resultados\Sobol_128_L1000_C80_S355JR\Sim_048
param_b_mm = 82.1875
c_mm = 80.0
longitud_viga_mm = 1000.0
angulo_desplazamiento_deg = 30.0
dir_x_sign = -1.0  (-X estandar)
desplazamiento_x_mm = -500.0
Material desde Engineering Data:
  Yield Strength [Pa] = 355000000
  Tangent Modulus [Pa] = 1110000000
[OK] PASO 1: Limpiado (resultados, cargas, malla, coordenadas)
[OK] PASO 2: Contactos eliminados (0 -> 0). Dependiendo 100% de Shared Topology.
[OK] PASO 3: Material Structural Steel asignado a 5 cuerpos
[OK] PASO 5: APDL SOLU (convergencia)
Resolucion global: 4
Dim. caracteristica malla: char_dim=73.75 mm  (b=82.19 mm)
Tamano malla gruesa: char_dim/4 = 18.44 mm
Tamano malla fina (SOI): char_dim/14=5.27 mm -> clamp -> 5.27 mm  radio=300.0 mm
[OK] Named Selections detectadas:
  - B_Inferior
  - A_Tope
  - A_Tope_Arista
[OK] PASO 6: Malla completada. Nodos: 112881, Elementos: 54933
[OK] PASO 7: Fixed Support en B_Inferior
[OK] PASO 8: Displacement -500.0 mm X (A_Tope_Arista), Y y Z libres
[OK] PASO 9: Resultados + Sondas de curvas
Iniciando Solve...
[OK] PASO 10: Solve completado
[OK] Imagen Tensiones guardada en: C:/Users/MASTER/Documents/2026_TFG_PTV\Resultados\Sobol_128_L1000_C80_S355JR\Sim_048\Tensiones.png
[OK] Vista Iso_Gris guardada en: C:/Users/MASTER/Documents/2026_TFG_PTV\Resultados\Sobol_128_L1000_C80_S355JR\Sim_048\Vista_Iso_Gris.png
[OK] Vista Frontal_Gris guardada en: C:/Users/MASTER/Documents/2026_TFG_PTV\Resultados\Sobol_128_L1000_C80_S355JR\Sim_048\Vista_Frontal_Gris.png
[OK] Vista Lateral_Gris guardada en: C:/Users/MASTER/Documents/2026_TFG_PTV\Resultados\Sobol_128_L1000_C80_S355JR\Sim_048\Vista_Lateral_Gris.png
[OK] Vista Zoom_Cartela guardada en: C:/Users/MASTER/Documents/2026_TFG_PTV\Resultados\Sobol_128_L1000_C80_S355JR\Sim_048\Zoom_Cartela.png
[CURVAS] numPoints fuerza: 38, desplazamiento: 38
[OK] PASO 10C: Curvas exportadas a CSV: C:/Users/MASTER/Documents/2026_TFG_PTV\Resultados\Sobol_128_L1000_C80_S355JR\Sim_048\Curvas.csv (38 puntos)
[PLOTDATA] Columna nodo: Node
[PLOTDATA] Columna valor: Values
[PLOTDATA] n_nodes=113755, n_values=113755
[OK] Y max stress desde PlotData (filtro Y>=5.0mm). Node=3212, Y[mm]=172.7273
  Cuerpo [sin nombre]: masa=4.402879 kg
  Cuerpo [sin nombre]: masa=7.602378 kg
  Cuerpo [sin nombre]: masa=0.082424 kg
  Cuerpo [sin nombre]: masa=0.082424 kg
  Cuerpo [sin nombre]: masa=0.239504 kg
[MASA] Total: 5 cuerpos, masa = 12.4096 kg

=== RESULTADOS ===
  Energia: 1510.15666145 J
  Fuerza:  5008.11946172 N
  Tension: 1220262834.11 Pa
  Masa:    12.4096083679 kg
  Y Max Stress [mm]: 172.727272727
  Valido:  True
CSV escrito: C:/Users/MASTER/Documents/2026_TFG_PTV\parametrossalida.csv
Limpiando archivos temporales del solver para liberar espacio...
[OK] Limpieza de disco completada.
=== FIN ECE R66 - L + CARTELA ===
