=== Mechanical run log ===
=== INICIO ECE R66 - L + CARTELA ===
BATCH_MODE = True
pipeline_dir = C:/Users/MASTER/Documents/2026_TFG_PTV
sim_id = 034
image_dir = C:/Users/MASTER/Documents/2026_TFG_PTV\Resultados\Sobol_512_L1000_C80_S235JR\Sim_034
param_b_mm = 72.8125
c_mm = 80.0
longitud_viga_mm = 1000.0
angulo_desplazamiento_deg = 30.0
dir_x_sign = -1.0  (-X estandar)
desplazamiento_x_mm = -500.0
Material desde Engineering Data:
  Yield Strength [Pa] = 235500000
  Tangent Modulus [Pa] = 1160000000
[OK] PASO 1: Limpiado (resultados, cargas, malla, coordenadas)
[OK] PASO 2: Contactos eliminados (0 -> 0). Dependiendo 100% de Shared Topology.
[OK] PASO 3: Material Structural Steel asignado a 5 cuerpos
[OK] PASO 5: APDL SOLU (convergencia)
Resolucion global: 4
Dim. caracteristica malla: char_dim=63.44 mm  (b=72.81 mm)
Tamano malla gruesa: char_dim/4 = 15.86 mm
Tamano malla fina (SOI): char_dim/14=4.53 mm -> clamp -> 4.53 mm  radio=300.0 mm
[OK] Named Selections detectadas:
  - B_Inferior
  - A_Tope
  - A_Tope_Arista
[OK] PASO 6: Malla completada. Nodos: 127691, Elementos: 61969
[OK] PASO 7: Fixed Support en B_Inferior
[OK] PASO 8: Displacement -500.0 mm X (A_Tope_Arista), Y y Z libres
[OK] PASO 9: Resultados + Sondas de curvas
Iniciando Solve...
[OK] PASO 10: Solve completado
[OK] Imagen Tensiones guardada en: C:/Users/MASTER/Documents/2026_TFG_PTV\Resultados\Sobol_512_L1000_C80_S235JR\Sim_034\Tensiones.png
[OK] Vista Iso_Gris guardada en: C:/Users/MASTER/Documents/2026_TFG_PTV\Resultados\Sobol_512_L1000_C80_S235JR\Sim_034\Vista_Iso_Gris.png
[OK] Vista Frontal_Gris guardada en: C:/Users/MASTER/Documents/2026_TFG_PTV\Resultados\Sobol_512_L1000_C80_S235JR\Sim_034\Vista_Frontal_Gris.png
[OK] Vista Lateral_Gris guardada en: C:/Users/MASTER/Documents/2026_TFG_PTV\Resultados\Sobol_512_L1000_C80_S235JR\Sim_034\Vista_Lateral_Gris.png
[OK] Vista Zoom_Cartela guardada en: C:/Users/MASTER/Documents/2026_TFG_PTV\Resultados\Sobol_512_L1000_C80_S235JR\Sim_034\Zoom_Cartela.png
[CURVAS] numPoints fuerza: 33, desplazamiento: 33
[OK] PASO 10C: Curvas exportadas a CSV: C:/Users/MASTER/Documents/2026_TFG_PTV\Resultados\Sobol_512_L1000_C80_S235JR\Sim_034\Curvas.csv (33 puntos)
[PLOTDATA] Columna nodo: Node
[PLOTDATA] Columna valor: Values
[PLOTDATA] n_nodes=128623, n_values=128623
[OK] Y max stress desde PlotData (filtro Y>=5.0mm). Node=3695, Y[mm]=167.9688
  Cuerpo [sin nombre]: masa=4.39374 kg
  Cuerpo [sin nombre]: masa=7.022249 kg
  Cuerpo [sin nombre]: masa=0.058876 kg
  Cuerpo [sin nombre]: masa=0.058876 kg
  Cuerpo [sin nombre]: masa=0.151566 kg
[MASA] Total: 5 cuerpos, masa = 11.6853 kg

=== RESULTADOS ===
  Energia: 1166.22245108 J
  Fuerza:  2673.68043735 N
  Tension: 1004660017.62 Pa
  Masa:    11.6853068739 kg
  Y Max Stress [mm]: 167.96875
  Valido:  True
CSV escrito: C:/Users/MASTER/Documents/2026_TFG_PTV\parametrossalida.csv
Limpiando archivos temporales del solver para liberar espacio...
[OK] Limpieza de disco completada.
=== FIN ECE R66 - L + CARTELA ===
