=== Mechanical run log ===
=== INICIO ECE R66 - L + CARTELA ===
BATCH_MODE = True
pipeline_dir = C:/Users/MASTER/Documents/2026_TFG_PTV
sim_id = 069
image_dir = C:/Users/MASTER/Documents/2026_TFG_PTV\Resultados\Sobol_128_L1000_C80_S275JR\Sim_069
param_b_mm = 91.0938
c_mm = 80.0
longitud_viga_mm = 1000.0
angulo_desplazamiento_deg = 30.0
dir_x_sign = -1.0  (-X estandar)
desplazamiento_x_mm = -500.0
Material desde Engineering Data:
  Yield Strength [Pa] = 275000000
  Tangent Modulus [Pa] = 1120000000
[OK] PASO 1: Limpiado (resultados, cargas, malla, coordenadas)
[OK] PASO 2: Contactos eliminados (0 -> 0). Dependiendo 100% de Shared Topology.
[OK] PASO 3: Material Structural Steel asignado a 5 cuerpos
[OK] PASO 5: APDL SOLU (convergencia)
Resolucion global: 4
Dim. caracteristica malla: char_dim=73.75 mm  (b=91.09 mm)
Tamano malla gruesa: char_dim/4 = 18.44 mm
Tamano malla fina (SOI): char_dim/14=5.27 mm -> clamp -> 5.27 mm  radio=300.0 mm
[OK] Named Selections detectadas:
  - B_Inferior
  - A_Tope
  - A_Tope_Arista
[OK] PASO 6: Malla completada. Nodos: 92758, Elementos: 34944
[OK] PASO 7: Fixed Support en B_Inferior
[OK] PASO 8: Displacement -500.0 mm X (A_Tope_Arista), Y y Z libres
[OK] PASO 9: Resultados + Sondas de curvas
Iniciando Solve...
[OK] PASO 10: Solve completado
[OK] Imagen Tensiones guardada en: C:/Users/MASTER/Documents/2026_TFG_PTV\Resultados\Sobol_128_L1000_C80_S275JR\Sim_069\Tensiones.png
[OK] Vista Iso_Gris guardada en: C:/Users/MASTER/Documents/2026_TFG_PTV\Resultados\Sobol_128_L1000_C80_S275JR\Sim_069\Vista_Iso_Gris.png
[OK] Vista Frontal_Gris guardada en: C:/Users/MASTER/Documents/2026_TFG_PTV\Resultados\Sobol_128_L1000_C80_S275JR\Sim_069\Vista_Frontal_Gris.png
[OK] Vista Lateral_Gris guardada en: C:/Users/MASTER/Documents/2026_TFG_PTV\Resultados\Sobol_128_L1000_C80_S275JR\Sim_069\Vista_Lateral_Gris.png
[OK] Vista Zoom_Cartela guardada en: C:/Users/MASTER/Documents/2026_TFG_PTV\Resultados\Sobol_128_L1000_C80_S275JR\Sim_069\Zoom_Cartela.png
[CURVAS] numPoints fuerza: 31, desplazamiento: 31
[OK] PASO 10C: Curvas exportadas a CSV: C:/Users/MASTER/Documents/2026_TFG_PTV\Resultados\Sobol_128_L1000_C80_S275JR\Sim_069\Curvas.csv (31 puntos)
[PLOTDATA] Columna nodo: Node
[PLOTDATA] Columna valor: Values
[PLOTDATA] n_nodes=93550, n_values=93550
[OK] Y max stress desde PlotData (filtro Y>=5.0mm). Node=9066, Y[mm]=120.4688
  Cuerpo [sin nombre]: masa=8.044579 kg
  Cuerpo [sin nombre]: masa=7.389945 kg
  Cuerpo [sin nombre]: masa=0.078892 kg
  Cuerpo [sin nombre]: masa=0.078892 kg
  Cuerpo [sin nombre]: masa=0.254083 kg
[MASA] Total: 5 cuerpos, masa = 15.8464 kg

=== RESULTADOS ===
  Energia: 3629.97544294 J
  Fuerza:  7816.17104266 N
  Tension: 995499185.635 Pa
  Masa:    15.8463906459 kg
  Y Max Stress [mm]: 120.4688
  Valido:  True
CSV escrito: C:/Users/MASTER/Documents/2026_TFG_PTV\parametrossalida.csv
Limpiando archivos temporales del solver para liberar espacio...
[OK] Limpieza de disco completada.
=== FIN ECE R66 - L + CARTELA ===
