=== Mechanical run log ===
=== INICIO ECE R66 - L + CARTELA ===
BATCH_MODE = True
pipeline_dir = C:/Users/MASTER/Documents/2026_TFG_PTV
sim_id = 264
image_dir = C:/Users/MASTER/Documents/2026_TFG_PTV\Resultados\Sobol_512_L1000_Cvar_S235JR\Sim_264
param_b_mm = 64.4922
c_mm = 78.3008
longitud_viga_mm = 1000.0
angulo_desplazamiento_deg = 30.0
dir_x_sign = -1.0  (-X estandar)
desplazamiento_x_mm = -500.0
Material desde Engineering Data:
  Yield Strength [Pa] = 235500000
  Tangent Modulus [Pa] = 1160000000
[OK] PASO 1: Limpiado (resultados, cargas, malla, coordenadas)
[OK] PASO 2: Contactos eliminados (0 -> 0). Dependiendo 100% de Shared Topology.
[OK] PASO 3: Material Structural Steel asignado a 5 cuerpos
[OK] PASO 5: APDL SOLU (convergencia)
Resolucion global: 4
Dim. caracteristica malla: char_dim=67.01 mm  (b=64.49 mm)
Tamano malla gruesa: char_dim/4 = 16.75 mm
Tamano malla fina (SOI): char_dim/14=4.79 mm -> clamp -> 4.79 mm  radio=300.0 mm
[OK] Named Selections detectadas:
  - B_Inferior
  - A_Tope
  - A_Tope_Arista
[OK] PASO 6: Malla completada. Nodos: 99584, Elementos: 36291
[OK] PASO 7: Fixed Support en B_Inferior
[OK] PASO 8: Displacement -500.0 mm X (A_Tope_Arista), Y y Z libres
[OK] PASO 9: Resultados + Sondas de curvas
Iniciando Solve...
[OK] PASO 10: Solve completado
[OK] Imagen Tensiones guardada en: C:/Users/MASTER/Documents/2026_TFG_PTV\Resultados\Sobol_512_L1000_Cvar_S235JR\Sim_264\Tensiones.png
[OK] Vista Iso_Gris guardada en: C:/Users/MASTER/Documents/2026_TFG_PTV\Resultados\Sobol_512_L1000_Cvar_S235JR\Sim_264\Vista_Iso_Gris.png
[OK] Vista Frontal_Gris guardada en: C:/Users/MASTER/Documents/2026_TFG_PTV\Resultados\Sobol_512_L1000_Cvar_S235JR\Sim_264\Vista_Frontal_Gris.png
[OK] Vista Lateral_Gris guardada en: C:/Users/MASTER/Documents/2026_TFG_PTV\Resultados\Sobol_512_L1000_Cvar_S235JR\Sim_264\Vista_Lateral_Gris.png
[OK] Vista Zoom_Cartela guardada en: C:/Users/MASTER/Documents/2026_TFG_PTV\Resultados\Sobol_512_L1000_Cvar_S235JR\Sim_264\Zoom_Cartela.png
[CURVAS] numPoints fuerza: 49, desplazamiento: 49
[OK] PASO 10C: Curvas exportadas a CSV: C:/Users/MASTER/Documents/2026_TFG_PTV\Resultados\Sobol_512_L1000_Cvar_S235JR\Sim_264\Curvas.csv (49 puntos)
[PLOTDATA] Columna nodo: Node
[PLOTDATA] Columna valor: Values
[PLOTDATA] n_nodes=100425, n_values=100425
[OK] Y max stress desde PlotData (filtro Y>=5.0mm). Node=12185, Y[mm]=166.6667
  Cuerpo [sin nombre]: masa=4.231498 kg
  Cuerpo [sin nombre]: masa=5.569405 kg
  Cuerpo [sin nombre]: masa=0.081311 kg
  Cuerpo [sin nombre]: masa=0.081311 kg
  Cuerpo [sin nombre]: masa=0.189423 kg
[MASA] Total: 5 cuerpos, masa = 10.1529 kg

=== RESULTADOS ===
  Energia: 1374.73247489 J
  Fuerza:  3801.88144127 N
  Tension: 1081113420.50 Pa
  Masa:    10.1529472396 kg
  Y Max Stress [mm]: 166.666666667
  Valido:  True
CSV escrito: C:/Users/MASTER/Documents/2026_TFG_PTV\parametrossalida.csv
Limpiando archivos temporales del solver para liberar espacio...
[OK] Limpieza de disco completada.
=== FIN ECE R66 - L + CARTELA ===
