=== Mechanical run log ===
=== INICIO ECE R66 - L + CARTELA ===
BATCH_MODE = True
pipeline_dir = C:/Users/MASTER/Documents/2026_TFG_PTV
sim_id = 436
image_dir = C:/Users/MASTER/Documents/2026_TFG_PTV\Resultados\Sobol_512_L1000_C80_S235JR\Sim_436
param_b_mm = 85.3516
c_mm = 80.0
longitud_viga_mm = 1000.0
angulo_desplazamiento_deg = 30.0
dir_x_sign = -1.0  (-X estandar)
desplazamiento_x_mm = -500.0
Material desde Engineering Data:
  Yield Strength [Pa] = 235500000
  Tangent Modulus [Pa] = 1160000000
[OK] PASO 1: Limpiado (resultados, cargas, malla, coordenadas)
[OK] PASO 2: Contactos eliminados (0 -> 0). Dependiendo 100% de Shared Topology.
[OK] PASO 3: Material Structural Steel asignado a 5 cuerpos
[OK] PASO 5: APDL SOLU (convergencia)
Resolucion global: 4
Dim. caracteristica malla: char_dim=75.33 mm  (b=85.35 mm)
Tamano malla gruesa: char_dim/4 = 18.83 mm
Tamano malla fina (SOI): char_dim/14=5.38 mm -> clamp -> 5.38 mm  radio=300.0 mm
[OK] Named Selections detectadas:
  - B_Inferior
  - A_Tope
  - A_Tope_Arista
[OK] PASO 6: Malla completada. Nodos: 94504, Elementos: 35441
[OK] PASO 7: Fixed Support en B_Inferior
[OK] PASO 8: Displacement -500.0 mm X (A_Tope_Arista), Y y Z libres
[OK] PASO 9: Resultados + Sondas de curvas
Iniciando Solve...
[OK] PASO 10: Solve completado
[OK] Imagen Tensiones guardada en: C:/Users/MASTER/Documents/2026_TFG_PTV\Resultados\Sobol_512_L1000_C80_S235JR\Sim_436\Tensiones.png
[OK] Vista Iso_Gris guardada en: C:/Users/MASTER/Documents/2026_TFG_PTV\Resultados\Sobol_512_L1000_C80_S235JR\Sim_436\Vista_Iso_Gris.png
[OK] Vista Frontal_Gris guardada en: C:/Users/MASTER/Documents/2026_TFG_PTV\Resultados\Sobol_512_L1000_C80_S235JR\Sim_436\Vista_Frontal_Gris.png
[OK] Vista Lateral_Gris guardada en: C:/Users/MASTER/Documents/2026_TFG_PTV\Resultados\Sobol_512_L1000_C80_S235JR\Sim_436\Vista_Lateral_Gris.png
[OK] Vista Zoom_Cartela guardada en: C:/Users/MASTER/Documents/2026_TFG_PTV\Resultados\Sobol_512_L1000_C80_S235JR\Sim_436\Zoom_Cartela.png
[CURVAS] numPoints fuerza: 51, desplazamiento: 51
[OK] PASO 10C: Curvas exportadas a CSV: C:/Users/MASTER/Documents/2026_TFG_PTV\Resultados\Sobol_512_L1000_C80_S235JR\Sim_436\Curvas.csv (51 puntos)
[PLOTDATA] Columna nodo: Node
[PLOTDATA] Columna valor: Values
[PLOTDATA] n_nodes=95287, n_values=95287
[OK] Y max stress desde PlotData (filtro Y>=5.0mm). Node=787, Y[mm]=134.1797
  Cuerpo [sin nombre]: masa=5.809249 kg
  Cuerpo [sin nombre]: masa=7.704483 kg
  Cuerpo [sin nombre]: masa=0.07487 kg
  Cuerpo [sin nombre]: masa=0.07487 kg
  Cuerpo [sin nombre]: masa=0.225931 kg
[MASA] Total: 5 cuerpos, masa = 13.8894 kg

=== RESULTADOS ===
  Energia: 1875.20970682 J
  Fuerza:  5405.40461444 N
  Tension: 774184259.893 Pa
  Masa:    13.8894026691 kg
  Y Max Stress [mm]: 134.1797
  Valido:  True
CSV escrito: C:/Users/MASTER/Documents/2026_TFG_PTV\parametrossalida.csv
Limpiando archivos temporales del solver para liberar espacio...
[OK] Limpieza de disco completada.
=== FIN ECE R66 - L + CARTELA ===
