=== Mechanical run log ===
=== INICIO ECE R66 - L + CARTELA ===
BATCH_MODE = True
pipeline_dir = C:/Users/MASTER/Documents/2026_TFG_PTV
sim_id = 027
image_dir = C:/Users/MASTER/Documents/2026_TFG_PTV\Resultados\Sobol_128_L1000_C80_S355JR\Sim_027
param_b_mm = 71.875
c_mm = 80.0
longitud_viga_mm = 1000.0
angulo_desplazamiento_deg = 30.0
dir_x_sign = -1.0  (-X estandar)
desplazamiento_x_mm = -500.0
Material desde Engineering Data:
  Yield Strength [Pa] = 355000000
  Tangent Modulus [Pa] = 1110000000
[OK] PASO 1: Limpiado (resultados, cargas, malla, coordenadas)
[OK] PASO 2: Contactos eliminados (0 -> 0). Dependiendo 100% de Shared Topology.
[OK] PASO 3: Material Structural Steel asignado a 5 cuerpos
[OK] PASO 5: APDL SOLU (convergencia)
Resolucion global: 4
Dim. caracteristica malla: char_dim=61.56 mm  (b=71.88 mm)
Tamano malla gruesa: char_dim/4 = 15.39 mm
Tamano malla fina (SOI): char_dim/14=4.4 mm -> clamp -> 4.5 mm [SUELO 4.5 mm]  radio=300.0 mm
[OK] Named Selections detectadas:
  - B_Inferior
  - A_Tope
  - A_Tope_Arista
[OK] PASO 6: Malla completada. Nodos: 110840, Elementos: 40789
[OK] PASO 7: Fixed Support en B_Inferior
[OK] PASO 8: Displacement -500.0 mm X (A_Tope_Arista), Y y Z libres
[OK] PASO 9: Resultados + Sondas de curvas
Iniciando Solve...
[OK] PASO 10: Solve completado
[OK] Imagen Tensiones guardada en: C:/Users/MASTER/Documents/2026_TFG_PTV\Resultados\Sobol_128_L1000_C80_S355JR\Sim_027\Tensiones.png
[OK] Vista Iso_Gris guardada en: C:/Users/MASTER/Documents/2026_TFG_PTV\Resultados\Sobol_128_L1000_C80_S355JR\Sim_027\Vista_Iso_Gris.png
[OK] Vista Frontal_Gris guardada en: C:/Users/MASTER/Documents/2026_TFG_PTV\Resultados\Sobol_128_L1000_C80_S355JR\Sim_027\Vista_Frontal_Gris.png
[OK] Vista Lateral_Gris guardada en: C:/Users/MASTER/Documents/2026_TFG_PTV\Resultados\Sobol_128_L1000_C80_S355JR\Sim_027\Vista_Lateral_Gris.png
[OK] Vista Zoom_Cartela guardada en: C:/Users/MASTER/Documents/2026_TFG_PTV\Resultados\Sobol_128_L1000_C80_S355JR\Sim_027\Zoom_Cartela.png
[CURVAS] numPoints fuerza: 32, desplazamiento: 32
[OK] PASO 10C: Curvas exportadas a CSV: C:/Users/MASTER/Documents/2026_TFG_PTV\Resultados\Sobol_128_L1000_C80_S355JR\Sim_027\Curvas.csv (32 puntos)
[PLOTDATA] Columna nodo: Node
[PLOTDATA] Columna valor: Values
[PLOTDATA] n_nodes=111731, n_values=111731
[OK] Y max stress desde PlotData (filtro Y>=5.0mm). Node=13309, Y[mm]=153.8462
  Cuerpo [sin nombre]: masa=6.809752 kg
  Cuerpo [sin nombre]: masa=4.013926 kg
  Cuerpo [sin nombre]: masa=0.05495 kg
  Cuerpo [sin nombre]: masa=0.05495 kg
  Cuerpo [sin nombre]: masa=0.139637 kg
[MASA] Total: 5 cuerpos, masa = 11.0732 kg

=== RESULTADOS ===
  Energia: 3549.83575001 J
  Fuerza:  7613.77798165 N
  Tension: 1050902025.99 Pa
  Masa:    11.0732151415 kg
  Y Max Stress [mm]: 153.846153846
  Valido:  True
CSV escrito: C:/Users/MASTER/Documents/2026_TFG_PTV\parametrossalida.csv
Limpiando archivos temporales del solver para liberar espacio...
[OK] Limpieza de disco completada.
=== FIN ECE R66 - L + CARTELA ===
