=== Mechanical run log ===
=== INICIO ECE R66 - L + CARTELA ===
BATCH_MODE = True
pipeline_dir = C:/Users/MASTER/Documents/2026_TFG_PTV
sim_id = 025
image_dir = C:/Users/MASTER/Documents/2026_TFG_PTV\Resultados\Sobol_128_L1000_C80_S355JR\Sim_025
param_b_mm = 86.875
c_mm = 80.0
longitud_viga_mm = 1000.0
angulo_desplazamiento_deg = 30.0
dir_x_sign = -1.0  (-X estandar)
desplazamiento_x_mm = -500.0
Material desde Engineering Data:
  Yield Strength [Pa] = 355000000
  Tangent Modulus [Pa] = 1110000000
[OK] PASO 1: Limpiado (resultados, cargas, malla, coordenadas)
[OK] PASO 2: Contactos eliminados (0 -> 0). Dependiendo 100% de Shared Topology.
[OK] PASO 3: Material Structural Steel asignado a 5 cuerpos
[OK] PASO 5: APDL SOLU (convergencia)
Resolucion global: 4
Dim. caracteristica malla: char_dim=91.56 mm  (b=86.88 mm)
Tamano malla gruesa: char_dim/4 = 22.89 mm
Tamano malla fina (SOI): char_dim/14=6.54 mm -> clamp -> 6.54 mm  radio=300.0 mm
[OK] Named Selections detectadas:
  - B_Inferior
  - A_Tope
  - A_Tope_Arista
[OK] PASO 6: Malla completada. Nodos: 81045, Elementos: 30048
[OK] PASO 7: Fixed Support en B_Inferior
[OK] PASO 8: Displacement -500.0 mm X (A_Tope_Arista), Y y Z libres
[OK] PASO 9: Resultados + Sondas de curvas
Iniciando Solve...
[OK] PASO 10: Solve completado
[OK] Imagen Tensiones guardada en: C:/Users/MASTER/Documents/2026_TFG_PTV\Resultados\Sobol_128_L1000_C80_S355JR\Sim_025\Tensiones.png
[OK] Vista Iso_Gris guardada en: C:/Users/MASTER/Documents/2026_TFG_PTV\Resultados\Sobol_128_L1000_C80_S355JR\Sim_025\Vista_Iso_Gris.png
[OK] Vista Frontal_Gris guardada en: C:/Users/MASTER/Documents/2026_TFG_PTV\Resultados\Sobol_128_L1000_C80_S355JR\Sim_025\Vista_Frontal_Gris.png
[OK] Vista Lateral_Gris guardada en: C:/Users/MASTER/Documents/2026_TFG_PTV\Resultados\Sobol_128_L1000_C80_S355JR\Sim_025\Vista_Lateral_Gris.png
[OK] Vista Zoom_Cartela guardada en: C:/Users/MASTER/Documents/2026_TFG_PTV\Resultados\Sobol_128_L1000_C80_S355JR\Sim_025\Zoom_Cartela.png
[CURVAS] numPoints fuerza: 35, desplazamiento: 35
[OK] PASO 10C: Curvas exportadas a CSV: C:/Users/MASTER/Documents/2026_TFG_PTV\Resultados\Sobol_128_L1000_C80_S355JR\Sim_025\Curvas.csv (35 puntos)
[PLOTDATA] Columna nodo: Node
[PLOTDATA] Columna valor: Values
[PLOTDATA] n_nodes=81770, n_values=81770
[OK] Y max stress desde PlotData (filtro Y>=5.0mm). Node=8561, Y[mm]=174.375
  Cuerpo [sin nombre]: masa=8.939065 kg
  Cuerpo [sin nombre]: masa=7.420826 kg
  Cuerpo [sin nombre]: masa=0.09263 kg
  Cuerpo [sin nombre]: masa=0.09263 kg
  Cuerpo [sin nombre]: masa=0.284513 kg
[MASA] Total: 5 cuerpos, masa = 16.8297 kg

=== RESULTADOS ===
  Energia: 6027.07064309 J
  Fuerza:  17121.8981454 N
  Tension: 1070709154.14 Pa
  Masa:    16.8296632143 kg
  Y Max Stress [mm]: 174.375
  Valido:  True
CSV escrito: C:/Users/MASTER/Documents/2026_TFG_PTV\parametrossalida.csv
Limpiando archivos temporales del solver para liberar espacio...
[OK] Limpieza de disco completada.
=== FIN ECE R66 - L + CARTELA ===
