=== Mechanical run log ===
=== INICIO ECE R66 - L + CARTELA ===
BATCH_MODE = True
pipeline_dir = C:/Users/MASTER/Documents/2026_TFG_PTV
sim_id = 233
image_dir = C:/Users/MASTER/Documents/2026_TFG_PTV\Resultados\Sobol_512_L1000_Cvar_S235JR\Sim_233
param_b_mm = 42.5781
c_mm = 81.5234
longitud_viga_mm = 1000.0
angulo_desplazamiento_deg = 30.0
dir_x_sign = -1.0  (-X estandar)
desplazamiento_x_mm = -500.0
Material desde Engineering Data:
  Yield Strength [Pa] = 235500000
  Tangent Modulus [Pa] = 1160000000
[OK] PASO 1: Limpiado (resultados, cargas, malla, coordenadas)
[OK] PASO 2: Contactos eliminados (0 -> 0). Dependiendo 100% de Shared Topology.
[OK] PASO 3: Material Structural Steel asignado a 5 cuerpos
[OK] PASO 5: APDL SOLU (convergencia)
Resolucion global: 4
Dim. caracteristica malla: char_dim=63.2 mm  (b=42.58 mm)
Tamano malla gruesa: char_dim/4 = 15.8 mm
Tamano malla fina (SOI): char_dim/14=4.51 mm -> clamp -> 4.51 mm  radio=300.0 mm
[OK] Named Selections detectadas:
  - B_Inferior
  - A_Tope
  - A_Tope_Arista
[OK] PASO 6: Malla completada. Nodos: 130183, Elementos: 63547
[OK] PASO 7: Fixed Support en B_Inferior
[OK] PASO 8: Displacement -500.0 mm X (A_Tope_Arista), Y y Z libres
[OK] PASO 9: Resultados + Sondas de curvas
Iniciando Solve...
[OK] PASO 10: Solve completado
[OK] Imagen Tensiones guardada en: C:/Users/MASTER/Documents/2026_TFG_PTV\Resultados\Sobol_512_L1000_Cvar_S235JR\Sim_233\Tensiones.png
[OK] Vista Iso_Gris guardada en: C:/Users/MASTER/Documents/2026_TFG_PTV\Resultados\Sobol_512_L1000_Cvar_S235JR\Sim_233\Vista_Iso_Gris.png
[OK] Vista Frontal_Gris guardada en: C:/Users/MASTER/Documents/2026_TFG_PTV\Resultados\Sobol_512_L1000_Cvar_S235JR\Sim_233\Vista_Frontal_Gris.png
[OK] Vista Lateral_Gris guardada en: C:/Users/MASTER/Documents/2026_TFG_PTV\Resultados\Sobol_512_L1000_Cvar_S235JR\Sim_233\Vista_Lateral_Gris.png
[OK] Vista Zoom_Cartela guardada en: C:/Users/MASTER/Documents/2026_TFG_PTV\Resultados\Sobol_512_L1000_Cvar_S235JR\Sim_233\Zoom_Cartela.png
[CURVAS] numPoints fuerza: 90, desplazamiento: 90
[OK] PASO 10C: Curvas exportadas a CSV: C:/Users/MASTER/Documents/2026_TFG_PTV\Resultados\Sobol_512_L1000_Cvar_S235JR\Sim_233\Curvas.csv (90 puntos)
[PLOTDATA] Columna nodo: Node
[PLOTDATA] Columna valor: Values
[PLOTDATA] n_nodes=131113, n_values=131113
[OK] Y max stress desde PlotData (filtro Y>=5.0mm). Node=1918, Y[mm]=154.5703
  Cuerpo [sin nombre]: masa=6.531108 kg
  Cuerpo [sin nombre]: masa=3.676376 kg
  Cuerpo [sin nombre]: masa=0.056859 kg
  Cuerpo [sin nombre]: masa=0.056859 kg
  Cuerpo [sin nombre]: masa=0.083994 kg
[MASA] Total: 5 cuerpos, masa = 10.4052 kg

=== RESULTADOS ===
  Energia: 3027.34716208 J
  Fuerza:  7529.25687703 N
  Tension: 897996390.525 Pa
  Masa:    10.4051959606 kg
  Y Max Stress [mm]: 154.5703
  Valido:  True
CSV escrito: C:/Users/MASTER/Documents/2026_TFG_PTV\parametrossalida.csv
Limpiando archivos temporales del solver para liberar espacio...
[OK] Limpieza de disco completada.
=== FIN ECE R66 - L + CARTELA ===
