=== Mechanical run log ===
=== INICIO ECE R66 - L + CARTELA ===
BATCH_MODE = True
pipeline_dir = C:/Users/MASTER/Documents/2026_TFG_PTV
sim_id = 070
image_dir = C:/Users/MASTER/Documents/2026_TFG_PTV\Resultados\Sobol_128_L1000_C80_S275JR\Sim_070
param_b_mm = 46.0938
c_mm = 80.0
longitud_viga_mm = 1000.0
angulo_desplazamiento_deg = 30.0
dir_x_sign = -1.0  (-X estandar)
desplazamiento_x_mm = -500.0
Material desde Engineering Data:
  Yield Strength [Pa] = 275000000
  Tangent Modulus [Pa] = 1120000000
[OK] PASO 1: Limpiado (resultados, cargas, malla, coordenadas)
[OK] PASO 2: Contactos eliminados (0 -> 0). Dependiendo 100% de Shared Topology.
[OK] PASO 3: Material Structural Steel asignado a 5 cuerpos
[OK] PASO 5: APDL SOLU (convergencia)
Resolucion global: 4
Dim. caracteristica malla: char_dim=58.75 mm  (b=46.09 mm)
Tamano malla gruesa: char_dim/4 = 14.69 mm
Tamano malla fina (SOI): char_dim/14=4.2 mm -> clamp -> 4.5 mm [SUELO 4.5 mm]  radio=300.0 mm
[OK] Named Selections detectadas:
  - B_Inferior
  - A_Tope
  - A_Tope_Arista
[OK] PASO 6: Malla completada. Nodos: 117362, Elementos: 57116
[OK] PASO 7: Fixed Support en B_Inferior
[OK] PASO 8: Displacement -500.0 mm X (A_Tope_Arista), Y y Z libres
[OK] PASO 9: Resultados + Sondas de curvas
Iniciando Solve...
[OK] PASO 10: Solve completado
[OK] Imagen Tensiones guardada en: C:/Users/MASTER/Documents/2026_TFG_PTV\Resultados\Sobol_128_L1000_C80_S275JR\Sim_070\Tensiones.png
[OK] Vista Iso_Gris guardada en: C:/Users/MASTER/Documents/2026_TFG_PTV\Resultados\Sobol_128_L1000_C80_S275JR\Sim_070\Vista_Iso_Gris.png
[OK] Vista Frontal_Gris guardada en: C:/Users/MASTER/Documents/2026_TFG_PTV\Resultados\Sobol_128_L1000_C80_S275JR\Sim_070\Vista_Frontal_Gris.png
[OK] Vista Lateral_Gris guardada en: C:/Users/MASTER/Documents/2026_TFG_PTV\Resultados\Sobol_128_L1000_C80_S275JR\Sim_070\Vista_Lateral_Gris.png
[OK] Vista Zoom_Cartela guardada en: C:/Users/MASTER/Documents/2026_TFG_PTV\Resultados\Sobol_128_L1000_C80_S275JR\Sim_070\Zoom_Cartela.png
[CURVAS] numPoints fuerza: 67, desplazamiento: 67
[OK] PASO 10C: Curvas exportadas a CSV: C:/Users/MASTER/Documents/2026_TFG_PTV\Resultados\Sobol_128_L1000_C80_S275JR\Sim_070\Curvas.csv (67 puntos)
[PLOTDATA] Columna nodo: Node
[PLOTDATA] Columna valor: Values
[PLOTDATA] n_nodes=118186, n_values=118186
[OK] Y max stress desde PlotData (filtro Y>=5.0mm). Node=1685, Y[mm]=135.4688
  Cuerpo [sin nombre]: masa=5.553686 kg
  Cuerpo [sin nombre]: masa=3.496824 kg
  Cuerpo [sin nombre]: masa=0.091452 kg
  Cuerpo [sin nombre]: masa=0.091452 kg
  Cuerpo [sin nombre]: masa=0.149036 kg
[MASA] Total: 5 cuerpos, masa = 9.3824 kg

=== RESULTADOS ===
  Energia: 2637.65551357 J
  Fuerza:  7549.17896845 N
  Tension: 856556720.548 Pa
  Masa:    9.38244892999 kg
  Y Max Stress [mm]: 135.4688
  Valido:  True
CSV escrito: C:/Users/MASTER/Documents/2026_TFG_PTV\parametrossalida.csv
Limpiando archivos temporales del solver para liberar espacio...
[OK] Limpieza de disco completada.
=== FIN ECE R66 - L + CARTELA ===
