=== Mechanical run log ===
=== INICIO ECE R66 - L + CARTELA ===
BATCH_MODE = True
pipeline_dir = C:/Users/master/Documents/TFG_PTV/Primera prueba
sim_id = 022
image_dir = C:/Users/master/Documents/TFG_PTV/Primera prueba\Resultados\DOE_60_L1000_C80_S235JR\Sim_022
param_b_mm = 51.674
c_mm = 80.0
longitud_viga_mm = 1000.0
angulo_desplazamiento_deg = 30.0
desplazamiento_x_mm = -500.0
Material desde Engineering Data:
  Yield Strength [Pa] = 235500000
  Tangent Modulus [Pa] = 1160000000
[OK] PASO 1: Limpiado (resultados, cargas, malla, coordenadas)
[OK] PASO 2: Contactos eliminados (0 -> 0). Dependiendo 100% de Shared Topology.
[OK] PASO 3: Material Structural Steel asignado a 5 cuerpos
[OK] PASO 4: Analysis Settings (1 step, 50 init, 20 min, 250 max substeps)
[OK] PASO 5: APDL SOLU (convergencia)
Tamano malla global (lejos): 12.9185 mm
Tamano malla fina (esquina): 3.229625 mm
[OK] Named Selections detectadas:
  - B_Inferior
  - A_Tope
  - A_Tope_Arista
[OK] PASO 6: Malla completada. Nodos: 186613, Elementos: 65129
[OK] PASO 7: Fixed Support en B_Inferior
[OK] PASO 8: Displacement -500.0 mm X (A_Tope_Arista), Y y Z libres
[OK] PASO 9: Resultados + Sondas de curvas
Iniciando Solve...
[OK] PASO 10: Solve completado
[OK] Imagen Tensiones guardada en: C:/Users/master/Documents/TFG_PTV/Primera prueba\Resultados\DOE_60_L1000_C80_S235JR\Sim_022\Tensiones.png
[OK] Vista Iso_Gris guardada en: C:/Users/master/Documents/TFG_PTV/Primera prueba\Resultados\DOE_60_L1000_C80_S235JR\Sim_022\Vista_Iso_Gris.png
[OK] Vista Frontal_Gris guardada en: C:/Users/master/Documents/TFG_PTV/Primera prueba\Resultados\DOE_60_L1000_C80_S235JR\Sim_022\Vista_Frontal_Gris.png
[OK] Vista Lateral_Gris guardada en: C:/Users/master/Documents/TFG_PTV/Primera prueba\Resultados\DOE_60_L1000_C80_S235JR\Sim_022\Vista_Lateral_Gris.png
[OK] Vista Zoom_Cartela guardada en: C:/Users/master/Documents/TFG_PTV/Primera prueba\Resultados\DOE_60_L1000_C80_S235JR\Sim_022\Zoom_Cartela.png
[CURVAS] numPoints fuerza: 44, desplazamiento: 44
[OK] PASO 10C: Curvas exportadas a CSV: C:/Users/master/Documents/TFG_PTV/Primera prueba\Resultados\DOE_60_L1000_C80_S235JR\Sim_022\Curvas.csv (44 puntos)
[PLOTDATA] Columna nodo: Node
[PLOTDATA] Columna valor: Values
[PLOTDATA] n_nodes=187867, n_values=187867
[OK] Y max stress desde PlotData. Node=24080, Y[mm]=163.4615
  Cuerpo 'SYS': masa=8.846196 kg
[PESO] Total: 6 cuerpos, peso = 173.5624 N

=== RESULTADOS ===
  Energia: 1149.67048371 J
  Fuerza:  2637.97244819 N
  Tension: 1229779103.25 Pa
  Peso:    173.562366021 N
  Y Max Stress [mm]: 163.461538462
  Valido:  True
CSV escrito: C:/Users/master/Documents/TFG_PTV/Primera prueba\parametrossalida.csv
Limpiando archivos temporales del solver para liberar espacio...
[OK] Limpieza de disco completada.
=== FIN ECE R66 - L + CARTELA ===
