=== Mechanical run log ===
=== INICIO ECE R66 - L + CARTELA ===
BATCH_MODE = True
pipeline_dir = C:/Users/master/Documents/TFG_PTV/Primera prueba
sim_id = 045
image_dir = C:/Users/master/Documents/TFG_PTV/Primera prueba\Resultados\DOE_60_L1000_C80_S235JR\Sim_045
param_b_mm = 76.5999
c_mm = 80.0
longitud_viga_mm = 1000.0
angulo_desplazamiento_deg = 30.0
desplazamiento_x_mm = -500.0
Material desde Engineering Data:
  Yield Strength [Pa] = 235500000
  Tangent Modulus [Pa] = 1160000000
[OK] PASO 1: Limpiado (resultados, cargas, malla, coordenadas)
[OK] PASO 2: Contactos eliminados (0 -> 0). Dependiendo 100% de Shared Topology.
[OK] PASO 3: Material Structural Steel asignado a 5 cuerpos
[OK] PASO 4: Analysis Settings (1 step, 50 init, 20 min, 250 max substeps)
[OK] PASO 5: APDL SOLU (convergencia)
Tamano malla global (lejos): 19.149975 mm
Tamano malla fina (esquina): 4.78749375 mm
[OK] Named Selections detectadas:
  - B_Inferior
  - A_Tope
  - A_Tope_Arista
[OK] PASO 6: Malla completada. Nodos: 127679, Elementos: 46187
[OK] PASO 7: Fixed Support en B_Inferior
[OK] PASO 8: Displacement -500.0 mm X (A_Tope_Arista), Y y Z libres
[OK] PASO 9: Resultados + Sondas de curvas
Iniciando Solve...
[OK] PASO 10: Solve completado
[OK] Imagen Tensiones guardada en: C:/Users/master/Documents/TFG_PTV/Primera prueba\Resultados\DOE_60_L1000_C80_S235JR\Sim_045\Tensiones.png
[OK] Vista Iso_Gris guardada en: C:/Users/master/Documents/TFG_PTV/Primera prueba\Resultados\DOE_60_L1000_C80_S235JR\Sim_045\Vista_Iso_Gris.png
[OK] Vista Frontal_Gris guardada en: C:/Users/master/Documents/TFG_PTV/Primera prueba\Resultados\DOE_60_L1000_C80_S235JR\Sim_045\Vista_Frontal_Gris.png
[OK] Vista Lateral_Gris guardada en: C:/Users/master/Documents/TFG_PTV/Primera prueba\Resultados\DOE_60_L1000_C80_S235JR\Sim_045\Vista_Lateral_Gris.png
[OK] Vista Zoom_Cartela guardada en: C:/Users/master/Documents/TFG_PTV/Primera prueba\Resultados\DOE_60_L1000_C80_S235JR\Sim_045\Zoom_Cartela.png
[CURVAS] numPoints fuerza: 40, desplazamiento: 40
[OK] PASO 10C: Curvas exportadas a CSV: C:/Users/master/Documents/TFG_PTV/Primera prueba\Resultados\DOE_60_L1000_C80_S235JR\Sim_045\Curvas.csv (40 puntos)
[PLOTDATA] Columna nodo: Node
[PLOTDATA] Columna valor: Values
[PLOTDATA] n_nodes=128634, n_values=128634
[OK] Y max stress desde PlotData. Node=272, Y[mm]=4.5286
  Cuerpo 'SYS': masa=17.03515 kg
[PESO] Total: 6 cuerpos, peso = 334.2297 N

=== RESULTADOS ===
  Energia: 5162.54384162 J
  Fuerza:  11533.3889379 N
  Tension: 897899494.002 Pa
  Peso:    334.229650567 N
  Y Max Stress [mm]: 4.52863888889
  Valido:  True
CSV escrito: C:/Users/master/Documents/TFG_PTV/Primera prueba\parametrossalida.csv
Limpiando archivos temporales del solver para liberar espacio...
[OK] Limpieza de disco completada.
=== FIN ECE R66 - L + CARTELA ===
